torch.Size([20, 3, 224, 224])
BATCH 0 traité. Nombre d'images dans le batch : 20.
RESULT ON BATCH 

--TYPE OF ENVIRONMENT: outdoor

--SCENE CATEGORIES:
torch.Size([128, 3, 224, 224])
BATCH 0 traité. Nombre d'images dans le batch : 128.
RESULT ON BATCH 

--TYPE OF ENVIRONMENT: outdoor

--SCENE CATEGORIES:
torch.Size([128, 3, 224, 224])
BATCH 1 traité. Nombre d'images dans le batch : 128.
RESULT ON BATCH 

--TYPE OF ENVIRONMENT: outdoor

--SCENE CATEGORIES:
torch.Size([111, 3, 224, 224])
BATCH 2 traité. Nombre d'images dans le batch : 111.
RESULT ON BATCH 

--TYPE OF ENVIRONMENT: outdoor

--SCENE CATEGORIES:
torch.Size([128, 3, 224, 224])
BATCH 0 traité. Nombre d'images dans le batch : 128.
RESULT ON BATCH 

--TYPE OF ENVIRONMENT: outdoor

--SCENE CATEGORIES:
torch.Size([29, 3, 224, 224])
BATCH 1 traité. Nombre d'images dans le batch : 29.
RESULT ON BATCH 

--TYPE OF ENVIRONMENT: outdoor

--SCENE CATEGORIES:
Temps d'exécution : 20.09 secondes
Wrote profile results to batch_playlist.py.lprof
Timer unit: 1e-06 s

Total time: 18.4033 s
File: batch_playlist.py
Function: main at line 158

Line #      Hits         Time  Per Hit   % Time  Line Contents
==============================================================
   158                                           @profile
   159                                           def main():
   160         1          0.7      0.7      0.0      video_dir = 'videos/'
   161                                           
   162                                               # list all files in the directory
   163         1         46.6     46.6      0.0      all_files = os.listdir(video_dir)
   164                                           
   165                                               # filter by video files
   166         1          4.3      4.3      0.0      video_files = [f for f in all_files if f.endswith(('.mp4', '.avi', '.mov'))]
   167                                           
   168                                           
   169         3          4.7      1.6      0.0      for video_file in video_files:
   170                                           
   171                                                   ################### DECOUPAGE VIDEO ###################
   172                                           
   173                                                   # création du dossier et sous dossier img
   174                                           
   175                                                   # dossier= "img"
   176                                                   # sous_dossier= "img"
   177                                           
   178                                                   # chemin_sous_dossier= os.path.join(dossier, sous_dossier)
   179                                                   # if not os.path.exists(chemin_sous_dossier):
   180                                                   #     os.mkdir(dossier)
   181                                                   #     os.mkdir(chemin_sous_dossier)
   182                                                   # else : 
   183                                                   #     image_files = glob.glob(os.path.join(chemin_sous_dossier, '*.jpg'))
   184                                                   #     # Use a loop to remove each file
   185                                                   #     for file in image_files:
   186                                                   #         os.remove(file)
   187                                           
   188                                                   # ouvrir la vidéo
   189         3      65294.0  21764.7      0.4          cap = cv2.VideoCapture(os.path.join(video_dir, video_file))
   190                                           
   191                                                   # récupérer le nombre total de frames
   192         3         49.6     16.5      0.0          total_frames = int(cap.get(cv2.CAP_PROP_FRAME_COUNT))
   193                                           
   194                                                   # récupérer le délai entre les frames
   195         3         38.7     12.9      0.0          fps = round(float(cap.get(cv2.CAP_PROP_FPS)))
   196                                           
   197                                                   # on découpe toutes les 1/divisions secondes
   198         3          1.9      0.6      0.0          division = 1
   199                                           
   200                                                   # initialiser le compteur de frames
   201         3          1.2      0.4      0.0          count = 0
   202         3       1022.9    341.0      0.0          list_frames = []
   203                                                   # boucle sur les frames
   204     13103      19235.5      1.5      0.1          while cap.isOpened():
   205                                                       # lire le frame suivant
   206     13103   11307578.4    863.0     61.4              ret, frame = cap.read()
   207                                           
   208                                                       # sortir de la boucle si on atteint la fin de la vidéo
   209     13100       5510.9      0.4      0.0              if not ret:
   210         3          1.0      0.3      0.0                  break
   211                                           
   212                                                       # incrémenter le compteur de frames
   213     13100       6979.0      0.5      0.0              count += 1
   214                                           
   215                                                       # sauvegarder le frame s'il est inclus dans l'intervalle
   216     12556       7842.8      0.6      0.0              if count % (fps // division) == 0:
   217                                                           # cv2.imwrite("img/img/frame_{}.jpg".format(count // fps), frame)
   218                                                           # frame = np.transpose(frame, (2, 0, 1))
   219       544       1232.9      2.3      0.0                  list_frames.append(frame)  
   220                                           
   221                                                   # libérer la vidéo
   222         3      13479.4   4493.1      0.1          cap.release()
   223                                           
   224                                                   ########### CREATION DATALOADER AND BATCH ###########
   225                                                   # print(np.shape(list_frames[0]))
   226                                                   # folder_path = 'img'
   227                                                   # image_dataset = datasets.ImageFolder(root=folder_path, transform=tf)
   228                                                   # assume `frames` is a list of numpy arrays representing video frames
   229                                                   # you can convert them to tensors like this:
   230         3    3768646.4 1256215.5     20.5          frames = [returnTF()(torch.from_numpy(np.transpose(frame,(2, 0, 1)))).unsqueeze(0) for frame in list_frames]
   231         3      54350.8  18116.9      0.3          frames = torch.cat(frames,dim=0)
   232                                           
   233                                                   # create an in-memory dataset from the tensors
   234         3        233.6     77.9      0.0          dataset = TensorDataset(frames)
   235                                           
   236                                                   # Définir la taille du batch
   237                                           
   238         3          1.4      0.5      0.0          batch_size = 128
   239         3          2.0      0.7      0.0          count_frame = 1
   240         3          0.8      0.3      0.0          timestamp = 1
   241                                           
   242                                                   # Créer un DataLoader pour charger les images en tant que batchs
   243         3       9180.3   3060.1      0.0          image_loader = torch.utils.data.DataLoader(dataset, batch_size=batch_size, num_workers=4)
   244                                           
   245         3          1.5      0.5      0.0          list_1_video = []
   246         3       1728.3    576.1      0.0          dict_1_video = {}
   247         3          3.2      1.1      0.0          dict_1_video["idVideo"] = video_file
   248                                                   # forward pass sur chaque batch d'images
   249                                           
   250         6     484221.7  80703.6      2.6          for batch_idx, data in enumerate(image_loader):
   251                                                       # CHARGEMENT DE L'IMAGE
   252         6      37923.4   6320.6      0.2              input_img = data[0]
   253                                                       # car data est une liste de 1 seul élement tensor
   254         6        412.6     68.8      0.0              print(np.shape(input_img))
   255                                                       
   256                                                       # forward pass sur le batch d'images
   257         6    2185810.5 364301.8     11.9              logit = model.forward(input_img.cuda())
   258         6       3784.9    630.8      0.0              h_x = F.softmax(logit.cpu(), 1).data.squeeze()
   259         6      14886.2   2481.0      0.1              probs, idx = h_x.sort(1, True)
   260         6         75.8     12.6      0.0              probs = probs.numpy()
   261         6         23.0      3.8      0.0              idx = idx.numpy()
   262                                                       
   263                                                       # affichage des résultats pour le batch en cours
   264         6        323.7     53.9      0.0              print(f"BATCH {batch_idx} traité. Nombre d'images dans le batch : {len(input_img)}.")
   265                                           
   266                                                       ########## OUTPUT ###########
   267                                           
   268         6          6.0      1.0      0.0              print('RESULT ON BATCH ')
   269                                           
   270                                                       # output the IO prediction
   271         6       2251.6    375.3      0.0              io_image = np.mean(labels_IO[idx[:10]]) # vote for the indoor or outdoor
   272         6         19.5      3.2      0.0              if io_image < 0.5:
   273                                                           print('\n --TYPE OF ENVIRONMENT: indoor')
   274                                                       else:
   275         6         60.0     10.0      0.0                  print('\n--TYPE OF ENVIRONMENT: outdoor')
   276                                           
   277                                                       ########### SCENE CATEGORIES ###########
   278                                           
   279                                                       # output the prediction of scene category
   280         6          5.3      0.9      0.0              print('\n--SCENE CATEGORIES:')
   281       547        115.0      0.2      0.0              for j in range(batch_size):
   282       547         91.1      0.2      0.0                  try :  
   283       547        106.4      0.2      0.0                      scene_categories_dict = {}
   284    198563      35513.8      0.2      0.2                      for i in range(365):
   285    198560     123464.0      0.6      0.7                          scene_categories_dict[classes[idx[j,i]]] = float(probs[j,i])
   286                                                               # ajouter le dictionnaire pour cette image à la liste
   287       544        411.3      0.8      0.0                      dict_1_frame = {}
   288       544        164.1      0.3      0.0                      dict_1_frame['frame'] = (count_frame+j)
   289       544       1495.4      2.7      0.0                      dict_1_frame['timestamps'] = (str(datetime.timedelta(seconds=count_frame+j))) 
   290       544        144.9      0.3      0.0                      dict_1_frame["scene_attribute"] = scene_categories_dict 
   291       544        208.3      0.4      0.0                      list_1_video.append(dict_1_frame) 
   292         3          2.4      0.8      0.0                  except IndexError:
   293         3          2.5      0.8      0.0                      break 
   294                                                       
   295         6          3.7      0.6      0.0              dict_1_video['features']=(list_1_video)
   296                                           
   297         6          2.4      0.4      0.0              count_frame+=batch_size
   298                                           
   299                                                   ################ JSON FILE ######################
   300                                           
   301                                                   # convert list_scene_categories to JSON string
   302         3     221998.8  73999.6      1.2          json_str = json.dumps(dict_1_video)
   303                                           
   304                                                   # save the JSON string to file
   305         3       1747.0    582.3      0.0          with open(f'dict_{video_file}.json', 'w') as f:
   306         3      25542.0   8514.0      0.1              f.write(json_str)
   307                                           
   308         1         10.8     10.8      0.0      end = time.time()
   309         1         28.6     28.6      0.0      print("Temps d'exécution : {:.2f} secondes".format(end - start))

